// Jest Snapshot v1, https://goo.gl/fbAQLP

exports[`InvoiceList Renders a list of provided invoices 1`] = `
<ul
  class="InvoiceList nav nav-pills flex-column"
>
  <li
    class="nav-item"
  >
    <a
      class="nav-link"
      href="/invoices/1"
    >
      #
      1
       
      Test Double 1
    </a>
  </li>
  <li
    class="nav-item"
  >
    <a
      class="nav-link"
      href="/invoices/2"
    >
      #
      2
       
      Test Double 2
    </a>
  </li>
  <li
    class="nav-item"
  >
    <a
      class="nav-link"
      href="/invoices/3"
    >
      #
      3
       
      Test Double 3
    </a>
  </li>
</ul>
`;
