// Jest Snapshot v1, https://goo.gl/fbAQLP

exports[`InvoicesForm Renders a form matching snapshot 1`] = `
<form>
  <div
    class="form-group"
  >
    <label>
      Client
    </label>
    <select
      class="form-control"
      name="client"
    >
      <option
        value="CircleCi"
      >
        CircleCi
      </option>
      <option
        value="New Relic"
      >
        New Relic
      </option>
    </select>
  </div>
  <div
    class="form-group"
  >
    <label>
      Attn
    </label>
    <input
      name="attn"
      type="text"
      value=""
    />
  </div>
  <div
    class="form-group"
  >
    <label>
      Due Date
    </label>
    <input
      name="duedate"
      type="text"
      value=""
    />
  </div>
  <div
    class="form-group"
  >
    <label>
      Notes
    </label>
    <textarea
      name="notes"
    />
  </div>
  <button
    class="btn btn-primary"
    type="submit"
  >
    Save
  </button>
</form>
`;
